%!Adobe-FontList 1.20
%Locale:0x409

%BeginFont
Handler:DirectoryHandler
FontType:Type1
FontName:MyriadPro-Light
FamilyName:Myriad Pro
StyleName:Light
MenuName:Myriad Pro Light
StyleBits:0
WeightClass:300
WidthClass:5
AngleClass:0
FullName:Myriad Pro Light
WritingScript:Roman
OutlineFileName:/Users/spgk4/Documents/GitHub/Digital-Making/docs/Digital Making - Traffic Lights Folder/Document fonts/MyriadPro-Light.otf
DataFormat:sfntData
UsesStandardEncoding:yes
isCFF:yes
hasSVG:no
VariableFontType:NonVariableFont
FileLength:101100
FileModTime:587481610
NameArray:0,Mac,4,Myriad Pro Light
NameArray:0,Win,1,Myriad Pro Light
NameArray:0,Win,16,Myriad Pro
%EndFont

%BeginFont
Handler:DirectoryHandler
FontType:Invalid
OutlineFileName:/Users/spgk4/Documents/GitHub/Digital-Making/docs/Digital Making - Traffic Lights Folder/Document fonts/AdobeFnt18.lst
FileLength:3512
FileModTime:587481610
%EndFont

%BeginFont
Handler:DirectoryHandler
FontType:Invalid
OutlineFileName:/Users/spgk4/Documents/GitHub/Digital-Making/docs/Digital Making - Traffic Lights Folder/Document fonts/AdobeFnt21.lst
FileLength:4929
FileModTime:588003175
%EndFont

%BeginFont
Handler:DirectoryHandler
FontType:Type1
FontName:MyriadPro-Semibold
FamilyName:Myriad Pro
StyleName:Semibold
MenuName:Myriad Pro Light
StyleBits:2
WeightClass:600
WidthClass:5
AngleClass:0
FullName:Myriad Pro Semibold
WritingScript:Roman
OutlineFileName:/Users/spgk4/Documents/GitHub/Digital-Making/docs/Digital Making - Traffic Lights Folder/Document fonts/MyriadPro-Semibold.otf
DataFormat:sfntData
UsesStandardEncoding:yes
isCFF:yes
hasSVG:no
VariableFontType:NonVariableFont
FileLength:97288
FileModTime:587481610
DesignSize:110
NameArray:0,Mac,4,Myriad Pro Semibold
NameArray:0,Win,1,Myriad Pro Light
NameArray:0,Win,16,Myriad Pro
%EndFont

%BeginFont
Handler:DirectoryHandler
FontType:Type1
FontName:MyriadPro-LightIt
FamilyName:Myriad Pro
StyleName:Light Italic
MenuName:Myriad Pro Light
StyleBits:1
WeightClass:300
WidthClass:5
AngleClass:1
FullName:Myriad Pro Light Italic
WritingScript:Roman
OutlineFileName:/Users/spgk4/Documents/GitHub/Digital-Making/docs/Digital Making - Traffic Lights Folder/Document fonts/Myriad Pro Light Italic.otf
DataFormat:sfntData
UsesStandardEncoding:yes
isCFF:yes
hasSVG:no
VariableFontType:NonVariableFont
FileLength:97952
FileModTime:587481610
NameArray:0,Mac,18,Myriad Pro Light It
NameArray:0,Mac,4,Myriad Pro Light Italic
NameArray:0,Win,1,Myriad Pro Light
NameArray:0,Win,16,Myriad Pro
%EndFont

%BeginFont
Handler:DirectoryHandler
FontType:TrueType
FontName:DejaVuSansMono
FamilyName:DejaVu Sans Mono
StyleName:Book
MenuName:DejaVu Sans Mono
StyleBits:0
WeightClass:400
WidthClass:5
AngleClass:0
FullName:DejaVu Sans Mono
WritingScript:Roman
OutlineFileName:/Users/spgk4/Documents/GitHub/Digital-Making/docs/Digital Making - Traffic Lights Folder/Document fonts/DejaVuSansMono.ttf
DataFormat:sfntData
hasSVG:no
VariableFontType:NonVariableFont
FileLength:335068
FileModTime:587481610
NameArray:0,Mac,4,DejaVu Sans Mono
NameArray:0,Win,1,DejaVu Sans Mono
%EndFont

%BeginFont
Handler:DirectoryHandler
FontType:Type1
FontName:MinionPro-Regular
FamilyName:Minion Pro
StyleName:Regular
MenuName:Minion Pro
StyleBits:0
WeightClass:400
WidthClass:5
AngleClass:0
FullName:Minion Pro
WritingScript:Roman
OutlineFileName:/Users/spgk4/Documents/GitHub/Digital-Making/docs/Digital Making - Traffic Lights Folder/Document fonts/MinionPro-Regular.otf
DataFormat:sfntData
UsesStandardEncoding:yes
isCFF:yes
hasSVG:no
VariableFontType:NonVariableFont
FileLength:218640
FileModTime:587481610
DesignSize:110
NameArray:0,Mac,4,Minion Pro
NameArray:0,Win,1,Minion Pro
%EndFont

%BeginFont
Handler:DirectoryHandler
FontType:TrueType
FontName:DejaVuSansMono-Bold
FamilyName:DejaVu Sans Mono
StyleName:Bold
MenuName:DejaVu Sans Mono
StyleBits:2
WeightClass:700
WidthClass:5
AngleClass:0
FullName:DejaVu Sans Mono Bold
WritingScript:Roman
OutlineFileName:/Users/spgk4/Documents/GitHub/Digital-Making/docs/Digital Making - Traffic Lights Folder/Document fonts/DejaVuSansMono-Bold.ttf
DataFormat:sfntData
hasSVG:no
VariableFontType:NonVariableFont
FileLength:318392
FileModTime:587481610
NameArray:0,Mac,4,DejaVu Sans Mono Bold
NameArray:0,Win,1,DejaVu Sans Mono
%EndFont

%BeginFont
Handler:DirectoryHandler
FontType:Type1
FontName:MyriadPro-Cond
FamilyName:Myriad Pro
StyleName:Condensed
MenuName:Myriad Pro Cond
StyleBits:0
WeightClass:400
WidthClass:3
AngleClass:0
FullName:Myriad Pro Condensed
WritingScript:Roman
OutlineFileName:/Users/spgk4/Documents/GitHub/Digital-Making/docs/Digital Making - Traffic Lights Folder/Document fonts/MyriadPro-Cond.otf
DataFormat:sfntData
UsesStandardEncoding:yes
isCFF:yes
hasSVG:no
VariableFontType:NonVariableFont
FileLength:92672
FileModTime:587481610
DesignSize:110
NameArray:0,Mac,18,Myriad Pro Cond
NameArray:0,Mac,4,Myriad Pro Condensed
NameArray:0,Win,1,Myriad Pro Cond
NameArray:0,Win,16,Myriad Pro
%EndFont

